
> frontend@0.0.0 build
> vite build

[36mvite v8.0.3 [32mbuilding client environment for production...[36m[39m
[2K
transforming...Γ£ô 30 modules transformed.
rendering chunks...
computing gzip size...
dist/index.html                   0.81 kB Γöé gzip:  0.46 kB
dist/assets/index-4kteQ7xe.css   62.01 kB Γöé gzip: 10.26 kB
dist/assets/index-tnyXPlig.js   377.60 kB Γöé gzip: 96.04 kB

[32mΓ£ô built in 2.43s[39m
